Component: ARM Compiler 5.06 update 5 (build 528) Tool: armlink [4d35e2]

==============================================================================

Section Cross References

    suzakumain.o(i.main) refers to initializers.o(i.All_init) for All_init
    suzakumain.o(i.main) refers to esc_pwm.o(i.motoRefresh) for motoRefresh
    suzakumain.o(i.main) refers to uservariables.o(.bss) for flag
    suzakupid.o(i.ALT_PID) refers to uservariables.o(.data) for tarHeight
    suzakupid.o(i.ALT_PID) refers to ano_of.o(.data) for OF_ALT2
    suzakupid.o(i.ALT_PID) refers to suzakupid.o(.data) for .data
    suzakupid.o(i.ALT_PID) refers to uservariables.o(.data) for kp_h
    suzakupid.o(i.ALT_PID) refers to uservariables.o(.data) for ki_h
    suzakupid.o(i.ALT_PID) refers to uservariables.o(.data) for kd_h
    suzakupid.o(i.ALT_PID) refers to uservariables.o(.data) for alt_cal1
    suzakupid.o(i.ALT_PID) refers to uservariables.o(.data) for alt_cal2
    suzakupid.o(i.ALT_PID) refers to uservariables.o(.data) for alt_cal3
    suzakupid.o(i.ALT_PID) refers to uservariables.o(.data) for alt_cal4
    suzakupid.o(i.ATT_PID) refers to uservariables.o(.data) for roll_temp
    suzakupid.o(i.ATT_PID) refers to suzakupid.o(.data) for .data
    suzakupid.o(i.ATT_PID) refers to uservariables.o(.data) for ki_roll
    suzakupid.o(i.ATT_PID) refers to uservariables.o(.data) for pitch_temp
    suzakupid.o(i.ATT_PID) refers to uservariables.o(.data) for ki_pitch
    suzakupid.o(i.ATT_PID) refers to uservariables.o(.data) for yaw_temp
    suzakupid.o(i.ATT_PID) refers to uservariables.o(.data) for ki_yaw
    suzakupid.o(i.ATT_PID) refers to uservariables.o(.data) for kp_roll
    suzakupid.o(i.ATT_PID) refers to uservariables.o(.data) for kp_pitch
    suzakupid.o(i.ATT_PID) refers to uservariables.o(.data) for kp_yaw
    suzakupid.o(i.ATT_PID) refers to jy901.o(.data) for gyrX
    suzakupid.o(i.ATT_PID) refers to uservariables.o(.data) for kp_g_roll
    suzakupid.o(i.ATT_PID) refers to uservariables.o(.data) for kp_g_pitch
    suzakupid.o(i.ATT_PID) refers to uservariables.o(.data) for kp_g_yaw
    suzakupid.o(i.ATT_PID) refers to uservariables.o(.data) for ki_g_roll
    suzakupid.o(i.ATT_PID) refers to uservariables.o(.data) for ki_g_pitch
    suzakupid.o(i.ATT_PID) refers to uservariables.o(.data) for ki_g_yaw
    suzakupid.o(i.ATT_PID) refers to uservariables.o(.data) for kd_g_roll
    suzakupid.o(i.ATT_PID) refers to uservariables.o(.data) for kd_g_pitch
    suzakupid.o(i.ATT_PID) refers to uservariables.o(.data) for kd_g_yaw
    suzakupid.o(i.ATT_PID) refers to uservariables.o(.data) for att_cal1
    suzakupid.o(i.ATT_PID) refers to uservariables.o(.data) for att_cal2
    suzakupid.o(i.ATT_PID) refers to uservariables.o(.data) for att_cal3
    suzakupid.o(i.ATT_PID) refers to uservariables.o(.data) for att_cal4
    suzakupid.o(i.LOC_PID) refers to ano_of.o(.data) for OF_DX2FIX
    suzakupid.o(i.LOC_PID) refers to suzakupid.o(.data) for .data
    suzakupid.o(i.LOC_PID) refers to uservariables.o(.data) for kp_x
    suzakupid.o(i.LOC_PID) refers to uservariables.o(.data) for ki_x
    suzakupid.o(i.LOC_PID) refers to uservariables.o(.data) for kp_y
    suzakupid.o(i.LOC_PID) refers to uservariables.o(.data) for ki_y
    suzakupid.o(i.LOC_PID) refers to uservariables.o(.data) for loc_cal1
    suzakupid.o(i.LOC_PID) refers to uservariables.o(.data) for loc_cal2
    suzakupid.o(i.LOC_PID) refers to uservariables.o(.data) for loc_cal3
    suzakupid.o(i.LOC_PID) refers to uservariables.o(.data) for loc_cal4
    suzakuflightctrl.o(i.Auto_land) refers to led.o(i.redLed) for redLed
    suzakuflightctrl.o(i.Auto_land) refers to esc_pwm.o(i.motoRefresh) for motoRefresh
    suzakuflightctrl.o(i.Auto_land) refers to uservariables.o(.data) for tarHeight
    suzakuflightctrl.o(i.Auto_land) refers to ano_of.o(.data) for OF_ALT2
    suzakuflightctrl.o(i.Auto_land) refers to uservariables.o(.bss) for flag
    suzakuflightctrl.o(i.Auto_land) refers to suzakuflightctrl.o(.data) for .data
    suzakuflightctrl.o(i.safetyCheck) refers to led.o(i.redLed) for redLed
    suzakuflightctrl.o(i.safetyCheck) refers to esc_pwm.o(i.motoRefresh) for motoRefresh
    suzakuflightctrl.o(i.safetyCheck) refers to jy901.o(.data) for roll
    suzakuflightctrl.o(i.safetyCheck) refers to ano_of.o(.data) for OF_ALT2
    suzakuflightctrl.o(i.safetyCheck) refers to uservariables.o(.bss) for flag
    suzakuflightctrl.o(i.safetyCheck) refers to suzakuflightctrl.o(.data) for .data
    suzakucal.o(i.ATT_TEMP) refers to uservariables.o(.bss) for flag
    suzakucal.o(i.ATT_TEMP) refers to jy901.o(.data) for yaw
    suzakucal.o(i.ATT_TEMP) refers to uservariables.o(.data) for tarYaw
    suzakucal.o(i.ATT_TEMP) refers to suzakucal.o(.data) for .data
    suzakucal.o(i.ATT_TEMP) refers to uservariables.o(.data) for offsetRoll
    suzakucal.o(i.ATT_TEMP) refers to uservariables.o(.data) for roll_temp
    suzakucal.o(i.ATT_TEMP) refers to uservariables.o(.data) for offsetPitch
[...]
    dfixul.o(.text) refers to llushr.o(.text) for __aeabi_llsr
    dfixul.o(.text) refers to llshl.o(.text) for __aeabi_llsl
    init.o(.text) refers to entry5.o(.ARM.Collect$$$$00000004) for __main_after_scatterload


==============================================================================

Removing Unused input sections from the image.

    Removing uservariables.o(.data), (8 bytes).
    Removing suzakuflightctrl.o(i.Auto_hover), (2 bytes).
    Removing suzakuflightctrl.o(i.Auto_take_off), (2 bytes).
    Removing ano_of.o(i.AnoOF_Check), (84 bytes).
    Removing ano_of.o(i.AnoOF_DataAnl_Task), (4 bytes).
    Removing led.o(i.greenLed), (44 bytes).
    Removing led.o(i.landLed), (44 bytes).
    Removing led.o(i.turnoffled), (44 bytes).
    Removing startup_tm4c123.o(HEAP), (0 bytes).
    Removing system_tm4c123.o(.rev16_text), (4 bytes).
    Removing system_tm4c123.o(.revsh_text), (4 bytes).
    Removing system_tm4c123.o(.rrx_text), (6 bytes).
    Removing system_tm4c123.o(i.SystemCoreClockUpdate), (124 bytes).
    Removing system_tm4c123.o(i.getOscClk), (220 bytes).
    Removing system_tm4c123.o(.data), (4 bytes).
    Removing eeprom.o(i.EEPROMBlockCountGet), (16 bytes).
    Removing eeprom.o(i.EEPROMBlockHide), (16 bytes).
    Removing eeprom.o(i.EEPROMBlockLock), (20 bytes).
    Removing eeprom.o(i.EEPROMBlockPasswordSet), (44 bytes).
    Removing eeprom.o(i.EEPROMBlockProtectGet), (12 bytes).
    Removing eeprom.o(i.EEPROMBlockProtectSet), (24 bytes).
    Removing eeprom.o(i.EEPROMBlockUnlock), (36 bytes).
    Removing eeprom.o(i.EEPROMInit), (68 bytes).
    Removing eeprom.o(i.EEPROMIntClear), (96 bytes).
    Removing eeprom.o(i.EEPROMIntDisable), (32 bytes).
    Removing eeprom.o(i.EEPROMIntEnable), (32 bytes).
    Removing eeprom.o(i.EEPROMIntStatus), (44 bytes).
    Removing eeprom.o(i.EEPROMProgram), (356 bytes).
    Removing eeprom.o(i.EEPROMProgramNonBlocking), (128 bytes).
    Removing eeprom.o(i.EEPROMSizeGet), (16 bytes).
    Removing eeprom.o(i.EEPROMStatusGet), (12 bytes).
    Removing gpio.o(i.GPIOADCTriggerDisable), (14 bytes).
    Removing gpio.o(i.GPIOADCTriggerEnable), (12 bytes).
    Removing gpio.o(i.GPIODMATriggerDisable), (14 bytes).
    Removing gpio.o(i.GPIODMATriggerEnable), (12 bytes).
    Removing gpio.o(i.GPIODirModeGet), (34 bytes).
    Removing gpio.o(i.GPIODirModeSet), (40 bytes).
    Removing gpio.o(i.GPIOIntClear), (6 bytes).
    Removing gpio.o(i.GPIOIntDisable), (14 bytes).
    Removing gpio.o(i.GPIOIntEnable), (12 bytes).
    Removing gpio.o(i.GPIOIntRegister), (26 bytes).
    Removing gpio.o(i.GPIOIntRegisterPin), (30 bytes).
    Removing gpio.o(i.GPIOIntStatus), (14 bytes).
    Removing gpio.o(i.GPIOIntTypeGet), (68 bytes).
    Removing gpio.o(i.GPIOIntTypeSet), (80 bytes).
    Removing gpio.o(i.GPIOIntUnregister), (22 bytes).
    Removing gpio.o(i.GPIOIntUnregisterPin), (26 bytes).
    Removing gpio.o(i.GPIOPadConfigGet), (204 bytes).
    Removing gpio.o(i.GPIOPadConfigSet), (312 bytes).
    Removing gpio.o(i.GPIOPinConfigure), (68 bytes).
    Removing gpio.o(i.GPIOPinRead), (6 bytes).
    Removing gpio.o(i.GPIOPinTypeADC), (28 bytes).
    Removing gpio.o(i.GPIOPinTypeCAN), (28 bytes).
    Removing gpio.o(i.GPIOPinTypeComparator), (28 bytes).
    Removing gpio.o(i.GPIOPinTypeComparatorOutput), (28 bytes).
    Removing gpio.o(i.GPIOPinTypeDIVSCLK), (28 bytes).
    Removing gpio.o(i.GPIOPinTypeEPI), (28 bytes).
    Removing gpio.o(i.GPIOPinTypeEthernetLED), (28 bytes).
    Removing gpio.o(i.GPIOPinTypeEthernetMII), (28 bytes).
    Removing gpio.o(i.GPIOPinTypeGPIOInput), (28 bytes).
    Removing gpio.o(i.GPIOPinTypeGPIOOutput), (28 bytes).
    Removing gpio.o(i.GPIOPinTypeGPIOOutputOD), (28 bytes).
    Removing gpio.o(i.GPIOPinTypeHibernateRTCCLK), (28 bytes).
    Removing gpio.o(i.GPIOPinTypeI2C), (28 bytes).
    Removing gpio.o(i.GPIOPinTypeI2CSCL), (28 bytes).
    Removing gpio.o(i.GPIOPinTypeLCD), (28 bytes).
    Removing gpio.o(i.GPIOPinTypeOneWire), (28 bytes).
    Removing gpio.o(i.GPIOPinTypePWM), (28 bytes).
    Removing gpio.o(i.GPIOPinTypeQEI), (28 bytes).
    Removing gpio.o(i.GPIOPinTypeSSI), (28 bytes).
    Removing gpio.o(i.GPIOPinTypeTimer), (28 bytes).
    Removing gpio.o(i.GPIOPinTypeTrace), (28 bytes).
    Removing gpio.o(i.GPIOPinTypeUART), (28 bytes).
    Removing gpio.o(i.GPIOPinTypeUSBAnalog), (28 bytes).
    Removing gpio.o(i.GPIOPinTypeUSBDigital), (28 bytes).
    Removing gpio.o(i.GPIOPinTypeWakeHigh), (30 bytes).
    Removing gpio.o(i.GPIOPinTypeWakeLow), (30 bytes).
    Removing gpio.o(i.GPIOPinWakeStatus), (6 bytes).
    Removing gpio.o(i._GPIOIntNumberGet), (80 bytes).
    Removing gpio.o(.constdata), (552 bytes).
    Removing systick.o(i.SysTickDisable), (14 bytes).
    Removing systick.o(i.SysTickEnable), (14 bytes).
    Removing systick.o(i.SysTickIntDisable), (14 bytes).
    Removing systick.o(i.SysTickIntEnable), (14 bytes).
    Removing systick.o(i.SysTickIntUnregister), (18 bytes).
    Removing systick.o(i.SysTickPeriodGet), (10 bytes).
    Removing systick.o(i.SysTickPeriodSet), (10 bytes).
    Removing systick.o(i.SysTickValueGet), (8 bytes).
    Removing uart.o(i.UART9BitAddrSend), (38 bytes).
    Removing uart.o(i.UART9BitAddrSet), (10 bytes).
    Removing uart.o(i.UART9BitDisable), (14 bytes).
    Removing uart.o(i.UART9BitEnable), (14 bytes).
    Removing uart.o(i.UARTBreakCtl), (18 bytes).
    Removing uart.o(i.UARTBusy), (8 bytes).
    Removing uart.o(i.UARTCharGet), (12 bytes).
    Removing uart.o(i.UARTCharGetNonBlocking), (16 bytes).
    Removing uart.o(i.UARTCharPut), (12 bytes).
    Removing uart.o(i.UARTCharPutNonBlocking), (16 bytes).
    Removing uart.o(i.UARTCharsAvail), (10 bytes).
    Removing uart.o(i.UARTClockSourceGet), (6 bytes).
    Removing uart.o(i.UARTClockSourceSet), (6 bytes).
    Removing uart.o(i.UARTConfigGetExpClk), (46 bytes).
    Removing uart.o(i.UARTConfigSetExpClk), (110 bytes).
    Removing uart.o(i.UARTDMADisable), (10 bytes).
    Removing uart.o(i.UARTDMAEnable), (8 bytes).
    Removing uart.o(i.UARTDisable), (30 bytes).
    Removing uart.o(i.UARTDisableSIR), (10 bytes).
    Removing uart.o(i.UARTEnable), (20 bytes).
    Removing uart.o(i.UARTEnableSIR), (18 bytes).
    Removing uart.o(i.UARTFIFOEnable), (10 bytes).
    Removing uart.o(i.UARTFIFOLevelGet), (16 bytes).
    Removing uart.o(i.UARTFIFOLevelSet), (6 bytes).
    Removing uart.o(i.UARTFlowControlGet), (8 bytes).
    Removing uart.o(i.UARTFlowControlSet), (12 bytes).
    Removing uart.o(i.UARTIntClear), (4 bytes).
    Removing uart.o(i.UARTIntDisable), (10 bytes).
    Removing uart.o(i.UARTIntEnable), (8 bytes).
    Removing uart.o(i.UARTIntStatus), (10 bytes).
    Removing uart.o(i.UARTIntUnregister), (88 bytes).
    Removing uart.o(i.UARTLoopbackEnable), (10 bytes).
    Removing uart.o(i.UARTModemControlClear), (14 bytes).
    Removing uart.o(i.UARTModemControlGet), (8 bytes).
    Removing uart.o(i.UARTModemControlSet), (12 bytes).
    Removing uart.o(i.UARTModemStatusGet), (10 bytes).
    Removing uart.o(i.UARTParityModeGet), (8 bytes).
    Removing uart.o(i.UARTParityModeSet), (12 bytes).
    Removing uart.o(i.UARTRxErrorClear), (6 bytes).
    Removing uart.o(i.UARTRxErrorGet), (8 bytes).
    Removing uart.o(i.UARTSmartCardDisable), (10 bytes).
    Removing uart.o(i.UARTSmartCardEnable), (22 bytes).
    Removing uart.o(i.UARTSpaceAvail), (10 bytes).
    Removing uart.o(i.UARTTxIntModeGet), (8 bytes).
    Removing uart.o(i.UARTTxIntModeSet), (12 bytes).
    Removing interrupt.o(i.IntDisable), (100 bytes).
    Removing interrupt.o(i.IntIsEnabled), (96 bytes).
    Removing interrupt.o(i.IntMasterDisable), (14 bytes).
    Removing interrupt.o(i.IntMasterEnable), (14 bytes).
    Removing interrupt.o(i.IntPendClear), (68 bytes).
    Removing interrupt.o(i.IntPendSet), (84 bytes).
    Removing interrupt.o(i.IntPriorityGet), (28 bytes).
    Removing interrupt.o(i.IntPriorityGroupingGet), (36 bytes).
    Removing interrupt.o(i.IntPriorityGroupingSet), (28 bytes).
    Removing interrupt.o(i.IntPriorityMaskGet), (4 bytes).
    Removing interrupt.o(i.IntPriorityMaskSet), (4 bytes).
    Removing interrupt.o(i.IntPrioritySet), (40 bytes).
    Removing interrupt.o(i.IntTrigger), (12 bytes).
    Removing interrupt.o(i.IntUnregister), (20 bytes).
    Removing interrupt.o(i._IntDefaultHandler), (2 bytes).
    Removing sysctl.o(i.SysCtlAltClkConfig), (12 bytes).
    Removing sysctl.o(i.SysCtlClockFreqSet), (748 bytes).
    Removing sysctl.o(i.SysCtlClockGet), (340 bytes).
    Removing sysctl.o(i.SysCtlClockOutConfig), (20 bytes).
    Removing sysctl.o(i.SysCtlClockSet), (288 bytes).
    Removing sysctl.o(i.SysCtlDeepSleep), (32 bytes).
    Removing sysctl.o(i.SysCtlDeepSleepClockConfigSet), (112 bytes).
    Removing sysctl.o(i.SysCtlDeepSleepClockSet), (12 bytes).
    Removing sysctl.o(i.SysCtlDeepSleepPowerSet), (12 bytes).
    Removing sysctl.o(i.SysCtlFlashSectorSizeGet), (56 bytes).
    Removing sysctl.o(i.SysCtlFlashSizeGet), (56 bytes).
    Removing sysctl.o(i.SysCtlGPIOAHBDisable), (28 bytes).
    Removing sysctl.o(i.SysCtlGPIOAHBEnable), (24 bytes).
    Removing sysctl.o(i.SysCtlIntClear), (12 bytes).
    Removing sysctl.o(i.SysCtlIntDisable), (16 bytes).
    Removing sysctl.o(i.SysCtlIntEnable), (16 bytes).
    Removing sysctl.o(i.SysCtlIntRegister), (20 bytes).
    Removing sysctl.o(i.SysCtlIntStatus), (16 bytes).
    Removing sysctl.o(i.SysCtlIntUnregister), (18 bytes).
    Removing sysctl.o(i.SysCtlLDODeepSleepGet), (12 bytes).
    Removing sysctl.o(i.SysCtlLDODeepSleepSet), (12 bytes).
    Removing sysctl.o(i.SysCtlLDOSleepGet), (12 bytes).
    Removing sysctl.o(i.SysCtlLDOSleepSet), (12 bytes).
    Removing sysctl.o(i.SysCtlMOSCConfigSet), (12 bytes).
    Removing sysctl.o(i.SysCtlNMIClear), (16 bytes).
    Removing sysctl.o(i.SysCtlNMIStatus), (12 bytes).
    Removing sysctl.o(i.SysCtlPIOSCCalibrate), (76 bytes).
    Removing sysctl.o(i.SysCtlPWMClockGet), (24 bytes).
    Removing sysctl.o(i.SysCtlPWMClockSet), (20 bytes).
    Removing sysctl.o(i.SysCtlPeripheralClockGating), (68 bytes).
    Removing sysctl.o(i.SysCtlPeripheralDeepSleepDisable), (40 bytes).
    Removing sysctl.o(i.SysCtlPeripheralDeepSleepEnable), (40 bytes).
    Removing sysctl.o(i.SysCtlPeripheralDisable), (40 bytes).
    Removing sysctl.o(i.SysCtlPeripheralEnable), (40 bytes).
    Removing sysctl.o(i.SysCtlPeripheralPowerOff), (40 bytes).
    Removing sysctl.o(i.SysCtlPeripheralPowerOn), (40 bytes).
    Removing sysctl.o(i.SysCtlPeripheralPresent), (44 bytes).
    Removing sysctl.o(i.SysCtlPeripheralReady), (44 bytes).
    Removing sysctl.o(i.SysCtlPeripheralSleepDisable), (40 bytes).
    Removing sysctl.o(i.SysCtlPeripheralSleepEnable), (40 bytes).
    Removing sysctl.o(i.SysCtlReset), (16 bytes).
    Removing sysctl.o(i.SysCtlResetBehaviorGet), (12 bytes).
    Removing sysctl.o(i.SysCtlResetBehaviorSet), (12 bytes).
    Removing sysctl.o(i.SysCtlResetCauseClear), (16 bytes).
    Removing sysctl.o(i.SysCtlResetCauseGet), (12 bytes).
    Removing sysctl.o(i.SysCtlSRAMSizeGet), (16 bytes).
    Removing sysctl.o(i.SysCtlSleep), (4 bytes).
    Removing sysctl.o(i.SysCtlSleepPowerSet), (12 bytes).
    Removing sysctl.o(i.SysCtlUSBPLLDisable), (16 bytes).
    Removing sysctl.o(i.SysCtlUSBPLLEnable), (16 bytes).
    Removing sysctl.o(i.SysCtlVCOGet), (120 bytes).
    Removing sysctl.o(i.SysCtlVoltageEventClear), (16 bytes).
    Removing sysctl.o(i.SysCtlVoltageEventConfig), (12 bytes).
    Removing sysctl.o(i.SysCtlVoltageEventStatus), (12 bytes).
    Removing sysctl.o(.constdata), (596 bytes).
    Removing cpu.o(.emb_text), (38 bytes).

204 unused section(s) (total 8784 bytes) removed from the image.

==============================================================================

Image Symbol Table

    Local Symbols

    Symbol Name                              Value     Ov Type        Size  Object(Section)

    RESET                                    0x00000000   Section      620  startup_tm4c123.o(RESET)
    ../clib/../cmprslib/zerorunl.c           0x00000000   Number         0  __dczerorl.o ABSOLUTE
    ../clib/microlib/division.c              0x00000000   Number         0  uidiv.o ABSOLUTE
    ../clib/microlib/division.c              0x00000000   Number         0  uldiv.o ABSOLUTE
    ../clib/microlib/init/entry.s            0x00000000   Number         0  entry7a.o ABSOLUTE
    ../clib/microlib/init/entry.s            0x00000000   Number         0  entry7b.o ABSOLUTE
    ../clib/microlib/init/entry.s            0x00000000   Number         0  entry11b.o ABSOLUTE
    ../clib/microlib/init/entry.s            0x00000000   Number         0  entry8a.o ABSOLUTE
    ../clib/microlib/init/entry.s            0x00000000   Number         0  entry.o ABSOLUTE
    ../clib/microlib/init/entry.s            0x00000000   Number         0  entry8b.o ABSOLUTE
    ../clib/microlib/init/entry.s            0x00000000   Number         0  entry9a.o ABSOLUTE
    ../clib/microlib/init/entry.s            0x00000000   Number         0  entry9b.o ABSOLUTE
    ../clib/microlib/init/entry.s            0x00000000   Number         0  entry10a.o ABSOLUTE
    ../clib/microlib/init/entry.s            0x00000000   Number         0  entry2.o ABSOLUTE
    ../clib/microlib/init/entry.s            0x00000000   Number         0  entry10b.o ABSOLUTE
    ../clib/microlib/init/entry.s            0x00000000   Number         0  entry11a.o ABSOLUTE
    ../clib/microlib/init/entry.s            0x00000000   Number         0  entry5.o ABSOLUTE
    ../clib/microlib/longlong.c              0x00000000   Number         0  llushr.o ABSOLUTE
    ../clib/microlib/longlong.c              0x00000000   Number         0  llshl.o ABSOLUTE
    ../clib/microlib/longlong.c              0x00000000   Number         0  llsshr.o ABSOLUTE
    ../clib/microlib/printf/printf.c         0x00000000   Number         0  printf4.o ABSOLUTE
    ../clib/microlib/printf/printf.c         0x00000000   Number         0  printf3.o ABSOLUTE
    ../clib/microlib/printf/printf.c         0x00000000   Number         0  printf1.o ABSOLUTE
    ../clib/microlib/printf/printf.c         0x00000000   Number         0  printf2.o ABSOLUTE
    ../clib/microlib/printf/printf.c         0x00000000   Number         0  printf5.o ABSOLUTE
    ../clib/microlib/printf/printf.c         0x00000000   Number         0  printf6.o ABSOLUTE
    ../clib/microlib/printf/printf.c         0x00000000   Number         0  printf7.o ABSOLUTE
    ../clib/microlib/printf/printf.c         0x00000000   Number         0  printf8.o ABSOLUTE
    ../clib/microlib/printf/printf.c         0x00000000   Number         0  printfa.o ABSOLUTE
    ../clib/microlib/printf/printf.c         0x00000000   Number         0  printfb.o ABSOLUTE
    ../clib/microlib/printf/printf.c         0x00000000   Number         0  printf0.o ABSOLUTE
    ../clib/microlib/printf/stubs.s          0x00000000   Number         0  stubs.o ABSOLUTE
    ../clib/microlib/stdio/streams.c         0x00000000   Number         0  stdout.o ABSOLUTE
    ../clib/microlib/stubs.s                 0x00000000   Number         0  iusefp.o ABSOLUTE
    ../fplib/microlib/d2f.c                  0x00000000   Number         0  d2f.o ABSOLUTE
    ../fplib/microlib/f2d.c                  0x00000000   Number         0  f2d.o ABSOLUTE
    ../fplib/microlib/fpadd.c                0x00000000   Number         0  dadd.o ABSOLUTE
    ../fplib/microlib/fpdiv.c                0x00000000   Number         0  ddiv.o ABSOLUTE
    ../fplib/microlib/fpepilogue.c           0x00000000   Number         0  fepilogue.o ABSOLUTE
    ../fplib/microlib/fpepilogue.c           0x00000000   Number         0  depilogue.o ABSOLUTE
    ../fplib/microlib/fpfix.c                0x00000000   Number         0  dfixul.o ABSOLUTE
    ../fplib/microlib/fpflt.c                0x00000000   Number         0  dflti.o ABSOLUTE
    ../fplib/microlib/fpmul.c                0x00000000   Number         0  dmul.o ABSOLUTE
    ANO\Ano_OF.c                             0x00000000   Number         0  ano_of.o ABSOLUTE
    EEPROM.c                                 0x00000000   Number         0  eeprom.o ABSOLUTE
    ESC_PWM.c                                0x00000000   Number         0  esc_pwm.o ABSOLUTE
    JY901.c                                  0x00000000   Number         0  jy901.o ABSOLUTE
    LED.c                                    0x00000000   Number         0  led.o ABSOLUTE
    RTE\Device\TM4C123GH6PM\startup_TM4C123.s 0x00000000   Number         0  startup_tm4c123.o ABSOLUTE
    RTE\Device\TM4C123GH6PM\system_TM4C123.c 0x00000000   Number         0  system_tm4c123.o ABSOLUTE
    RTE\\Device\\TM4C123GH6PM\\system_TM4C123.c 0x00000000   Number         0  system_tm4c123.o ABSOLUTE
    cdrcmple.s                               0x00000000   Number         0  cdrcmple.o ABSOLUTE
    cpu.c                                    0x00000000   Number         0  cpu.o ABSOLUTE
    cpu.c                                    0x00000000   Number         0  cpu.o ABSOLUTE
    dc.s                                     0x00000000   Number         0  dc.o ABSOLUTE
    eeprom.c                                 0x00000000   Number         0  eeprom.o ABSOLUTE
    gpio.c                                   0x00000000   Number         0  gpio.o ABSOLUTE
    handlers.s                               0x00000000   Number         0  handlers.o ABSOLUTE
    init.s                                   0x00000000   Number         0  init.o ABSOLUTE
    initializers.c                           0x00000000   Number         0  initializers.o ABSOLUTE
    interrupt.c                              0x00000000   Number         0  interrupt.o ABSOLUTE
    interrupts.c                             0x00000000   Number         0  interrupts.o ABSOLUTE
    suzakuCal.c                              0x00000000   Number         0  suzakucal.o ABSOLUTE
    suzakuFlightCtrl.c                       0x00000000   Number         0  suzakuflightctrl.o ABSOLUTE
    suzakuMain.c                             0x00000000   Number         0  suzakumain.o ABSOLUTE
    suzakuPID.c                              0x00000000   Number         0  suzakupid.o ABSOLUTE
    sysctl.c                                 0x00000000   Number         0  sysctl.o ABSOLUTE
    sysctl.c                                 0x00000000   Number         0  sysctl.o ABSOLUTE
    systick.c                                0x00000000   Number         0  systick.o ABSOLUTE
    uart.c                                   0x00000000   Number         0  uart.o ABSOLUTE
    userVariables.c                          0x00000000   Number         0  uservariables.o ABSOLUTE
    .ARM.Collect$$$$00000000                 0x0000026c   Section        0  entry.o(.ARM.Collect$$$$00000000)
    .ARM.Collect$$$$00000001                 0x0000026c   Section        4  entry2.o(.ARM.Collect$$$$00000001)
    .ARM.Collect$$$$00000004                 0x00000270   Section        4  entry5.o(.ARM.Collect$$$$00000004)
    .ARM.Collect$$$$00000008                 0x00000274   Section        0  entry7b.o(.ARM.Collect$$$$00000008)
    .ARM.Collect$$$$0000000A                 0x00000274   Section        0  entry8b.o(.ARM.Collect$$$$0000000A)
    .ARM.Collect$$$$0000000B                 0x00000274   Section        8  entry9a.o(.ARM.Collect$$$$0000000B)
    .ARM.Collect$$$$0000000D                 0x0000027c   Section        0  entry10a.o(.ARM.Collect$$$$0000000D)
    .ARM.Collect$$$$0000000F                 0x0000027c   Section        0  entry11a.o(.ARM.Collect$$$$0000000F)
    .ARM.Collect$$$$00002712                 0x0000027c   Section        4  entry2.o(.ARM.Collect$$$$00002712)
    __lit__00000000                          0x0000027c   Data           4  entry2.o(.ARM.Collect$$$$00002712)
    .emb_text                                0x00000280   Section        6  sysctl.o(.emb_text)
    $v0                                      0x00000280   Number         0  sysctl.o(.emb_text)
    .text                                    0x00000288   Section      252  startup_tm4c123.o(.text)
    $v0                                      0x00000288   Number         0  startup_tm4c123.o(.text)
    .text                                    0x00000384   Section        0  dmul.o(.text)
    .text                                    0x00000468   Section        0  dflti.o(.text)
    .text                                    0x0000048a   Section        0  f2d.o(.text)
    .text                                    0x000004b0   Section        0  d2f.o(.text)
    .text                                    0x000004e8   Section        0  uidiv.o(.text)
    .text                                    0x00000514   Section        0  uldiv.o(.text)
    .text                                    0x00000576   Section        0  fepilogue.o(.text)
    .text                                    0x00000576   Section        0  iusefp.o(.text)
    .text                                    0x000005e4   Section        0  depilogue.o(.text)
    .text                                    0x0000069e   Section        0  dadd.o(.text)
    .text                                    0x000007ec   Section        0  ddiv.o(.text)
    .text                                    0x000008ca   Section        0  dfixul.o(.text)
    .text                                    0x000008fc   Section       48  cdrcmple.o(.text)
    .text                                    0x0000092c   Section       36  init.o(.text)
    .text                                    0x00000950   Section        0  llshl.o(.text)
    .text                                    0x0000096e   Section        0  llushr.o(.text)
    .text                                    0x0000098e   Section        0  llsshr.o(.text)
    .text                                    0x000009b2   Section        0  __dczerorl.o(.text)
    i.ALT_PID                                0x000009ec   Section        0  suzakupid.o(i.ALT_PID)
    i.ATT_PID                                0x00000b14   Section        0  suzakupid.o(i.ATT_PID)
    i.ATT_TEMP                               0x00000e6c   Section        0  suzakucal.o(i.ATT_TEMP)
    i.All_init                               0x00000f0c   Section        0  initializers.o(i.All_init)
    i.AnoOF_DataAnl                          0x00000f38   Section        0  ano_of.o(i.AnoOF_DataAnl)
    i.AnoOF_GetOneByte                       0x00001170   Section        0  ano_of.o(i.AnoOF_GetOneByte)
    i.Auto_land                              0x00001208   Section        0  suzakuflightctrl.o(i.Auto_land)
    i.EEPROMMassErase                        0x00001270   Section        0  eeprom.o(i.EEPROMMassErase)
    i.EEPROMRead                             0x000012fc   Section        0  eeprom.o(i.EEPROMRead)
    i.GPIOPinWrite                           0x00001330   Section        0  gpio.o(i.GPIOPinWrite)
    i.IntEnable                              0x00001338   Section        0  interrupt.o(i.IntEnable)
    i.IntRegister                            0x0000139c   Section        0  interrupt.o(i.IntRegister)
    i.JY901_GetOneByte                       0x000013d0   Section        0  jy901.o(i.JY901_GetOneByte)
    i.LOC_PID                                0x00001558   Section        0  suzakupid.o(i.LOC_PID)
    i.SysCtlPeripheralReset                  0x00001688   Section        0  sysctl.o(i.SysCtlPeripheralReset)
    i.SysTickIntHandler                      0x000016c4   Section        0  interrupts.o(i.SysTickIntHandler)
    i.SysTickIntRegister                     0x00001778   Section        0  systick.o(i.SysTickIntRegister)
    i.SystemInit                             0x00001790   Section        0  system_tm4c123.o(i.SystemInit)
    i.UART0_Handler                          0x00001814   Section        0  interrupts.o(i.UART0_Handler)
    i.UART1_Handler                          0x0000233c   Section        0  interrupts.o(i.UART1_Handler)
    i.UART5_Handler                          0x00002370   Section        0  interrupts.o(i.UART5_Handler)
    i.UARTFIFODisable                        0x000023a4   Section        0  uart.o(i.UARTFIFODisable)
    i.UARTIntRegister                        0x000023b0   Section        0  uart.o(i.UARTIntRegister)
    i.__0printf                              0x00002408   Section        0  printfa.o(i.__0printf)
    i.__scatterload_copy                     0x00002428   Section       14  handlers.o(i.__scatterload_copy)
    i.__scatterload_null                     0x00002436   Section        2  handlers.o(i.__scatterload_null)
    i.__scatterload_zeroinit                 0x00002438   Section       14  handlers.o(i.__scatterload_zeroinit)
    i._fp_digits                             0x00002448   Section        0  printfa.o(i._fp_digits)
    _fp_digits                               0x00002449   Thumb Code   366  printfa.o(i._fp_digits)
    i._printf_core                           0x000025cc   Section        0  printfa.o(i._printf_core)
    _printf_core                             0x000025cd   Thumb Code  1744  printfa.o(i._printf_core)
    i._printf_post_padding                   0x00002ca8   Section        0  printfa.o(i._printf_post_padding)
    _printf_post_padding                     0x00002ca9   Thumb Code    36  printfa.o(i._printf_post_padding)
    i._printf_pre_padding                    0x00002ccc   Section        0  printfa.o(i._printf_pre_padding)
    _printf_pre_padding                      0x00002ccd   Thumb Code    46  printfa.o(i._printf_pre_padding)
    i.blueLed                                0x00002cfc   Section        0  led.o(i.blueLed)
    i.fputc                                  0x00002d28   Section        0  initializers.o(i.fputc)
    i.initClock                              0x00002d50   Section        0  initializers.o(i.initClock)
    i.initEEPROM                             0x00002d78   Section        0  initializers.o(i.initEEPROM)
    i.initFlag                               0x00002f20   Section        0  initializers.o(i.initFlag)
    i.initKey                                0x00002f34   Section        0  initializers.o(i.initKey)
    i.initLED                                0x00002f90   Section        0  initializers.o(i.initLED)
    i.initPWM                                0x00002fc4   Section        0  initializers.o(i.initPWM)
    i.initSysTick                            0x000030a8   Section        0  initializers.o(i.initSysTick)
    i.initUART                               0x000030dc   Section        0  initializers.o(i.initUART)
    i.main                                   0x00003254   Section        0  suzakumain.o(i.main)
    i.motoCal                                0x00003270   Section        0  suzakucal.o(i.motoCal)
    i.motoRefresh                            0x00003538   Section        0  esc_pwm.o(i.motoRefresh)
    i.redLed                                 0x000035bc   Section        0  led.o(i.redLed)
    i.safetyCheck                            0x000035e8   Section        0  suzakuflightctrl.o(i.safetyCheck)
    i.saveEEPROMData                         0x0000366c   Section        0  eeprom.o(i.saveEEPROMData)
    .constdata                               0x000037f0   Section      128  uart.o(.constdata)
    g_ppui32UARTIntMap                       0x000037f0   Data          64  uart.o(.constdata)
    g_ppui32UARTIntMapSnowflake              0x00003830   Data          64  uart.o(.constdata)
    .constdata                               0x00003870   Section      268  interrupt.o(.constdata)
    g_pui32Priority                          0x00003870   Data          32  interrupt.o(.constdata)
    g_pui32Regs                              0x00003890   Data         156  interrupt.o(.constdata)
    g_pui32EnRegs                            0x0000392c   Data          20  interrupt.o(.constdata)
    g_pui32Dii16Regs                         0x00003940   Data          20  interrupt.o(.constdata)
    g_pui32PendRegs                          0x00003954   Data          20  interrupt.o(.constdata)
    g_pui32UnpendRegs                        0x00003968   Data          20  interrupt.o(.constdata)
    .conststring                             0x0000397c   Section      231  interrupts.o(.conststring)
    .data                                    0x20000000   Section        2  uservariables.o(.data)
    .data                                    0x20000002   Section        2  uservariables.o(.data)
    .data                                    0x20000004   Section        4  uservariables.o(.data)
    .data                                    0x20000008   Section        4  uservariables.o(.data)
    .data                                    0x2000000c   Section        4  uservariables.o(.data)
    .data                                    0x20000010   Section        4  uservariables.o(.data)
    .data                                    0x20000014   Section        4  uservariables.o(.data)
    .data                                    0x20000018   Section        4  uservariables.o(.data)
    .data                                    0x2000001c   Section        4  uservariables.o(.data)
    .data                                    0x20000020   Section        4  uservariables.o(.data)
    .data                                    0x20000024   Section        4  uservariables.o(.data)
    .data                                    0x20000028   Section        4  uservariables.o(.data)
    .data                                    0x2000002c   Section        4  uservariables.o(.data)
    .data                                    0x20000030   Section        4  uservariables.o(.data)
    .data                                    0x20000034   Section        4  uservariables.o(.data)
    .data                                    0x20000038   Section        4  uservariables.o(.data)
    .data                                    0x2000003c   Section        4  uservariables.o(.data)
    .data                                    0x20000040   Section        4  uservariables.o(.data)
    .data                                    0x20000044   Section        4  uservariables.o(.data)
    .data                                    0x20000048   Section        4  uservariables.o(.data)
    .data                                    0x2000004c   Section        4  uservariables.o(.data)
    .data                                    0x20000050   Section        4  uservariables.o(.data)
    .data                                    0x20000054   Section        4  uservariables.o(.data)
    .data                                    0x20000058   Section        4  uservariables.o(.data)
    .data                                    0x2000005c   Section        4  uservariables.o(.data)
    .data                                    0x20000060   Section        4  uservariables.o(.data)
    .data                                    0x20000064   Section        4  uservariables.o(.data)
    .data                                    0x20000068   Section        4  uservariables.o(.data)
    .data                                    0x2000006c   Section        4  uservariables.o(.data)
    .data                                    0x20000070   Section        4  uservariables.o(.data)
    .data                                    0x20000074   Section        4  uservariables.o(.data)
    .data                                    0x20000078   Section        4  uservariables.o(.data)
    .data                                    0x2000007c   Section        4  uservariables.o(.data)
    .data                                    0x20000080   Section        4  uservariables.o(.data)
    .data                                    0x20000084   Section        4  uservariables.o(.data)
    .data                                    0x20000088   Section        4  uservariables.o(.data)
    .data                                    0x2000008c   Section        4  uservariables.o(.data)
    .data                                    0x20000090   Section        4  uservariables.o(.data)
    .data                                    0x20000094   Section        4  uservariables.o(.data)
    .data                                    0x20000098   Section        4  uservariables.o(.data)
    .data                                    0x2000009c   Section        4  uservariables.o(.data)
    .data                                    0x200000a0   Section        4  uservariables.o(.data)
    .data                                    0x200000a4   Section        4  uservariables.o(.data)
    .data                                    0x200000a8   Section        4  uservariables.o(.data)
    .data                                    0x200000ac   Section      112  suzakupid.o(.data)
    out_i_x                                  0x200000ac   Data           2  suzakupid.o(.data)
    out_i_y                                  0x200000ae   Data           2  suzakupid.o(.data)
    out_x                                    0x200000b0   Data           2  suzakupid.o(.data)
    out_y                                    0x200000b2   Data           2  suzakupid.o(.data)
    Err                                      0x200000b4   Data           2  suzakupid.o(.data)
    out_i_Err                                0x200000b6   Data           2  suzakupid.o(.data)
    old_Err                                  0x200000b8   Data           2  suzakupid.o(.data)
    out_ki_angle_roll                        0x200000bc   Data           4  suzakupid.o(.data)
    out_ki_angle_pitch                       0x200000c0   Data           4  suzakupid.o(.data)
    out_ki_angle_yaw                         0x200000c4   Data           4  suzakupid.o(.data)
    out_angle_roll                           0x200000c8   Data           4  suzakupid.o(.data)
    out_angle_pitch                          0x200000cc   Data           4  suzakupid.o(.data)
    out_angle_yaw                            0x200000d0   Data           4  suzakupid.o(.data)
    Dvalue_gyro_roll                         0x200000d4   Data           4  suzakupid.o(.data)
    Dvalue_gyro_pitch                        0x200000d8   Data           4  suzakupid.o(.data)
    Dvalue_gyro_yaw                          0x200000dc   Data           4  suzakupid.o(.data)
    out_kp_gyro_roll                         0x200000e0   Data           4  suzakupid.o(.data)
    out_kp_gyro_pitch                        0x200000e4   Data           4  suzakupid.o(.data)
    out_kp_gyro_yaw                          0x200000e8   Data           4  suzakupid.o(.data)
    out_ki_gyro_roll                         0x200000ec   Data           4  suzakupid.o(.data)
    out_ki_gyro_pitch                        0x200000f0   Data           4  suzakupid.o(.data)
    out_ki_gyro_yaw                          0x200000f4   Data           4  suzakupid.o(.data)
    out_kd_gyro_roll                         0x200000f8   Data           4  suzakupid.o(.data)
    out_kd_gyro_pitch                        0x200000fc   Data           4  suzakupid.o(.data)
    out_kd_gyro_yaw                          0x20000100   Data           4  suzakupid.o(.data)
    old_Dvalue_gyro_roll                     0x20000104   Data           4  suzakupid.o(.data)
    old_Dvalue_gyro_pitch                    0x20000108   Data           4  suzakupid.o(.data)
    old_Dvalue_gyro_yaw                      0x2000010c   Data           4  suzakupid.o(.data)
    out_gyro_roll                            0x20000110   Data           4  suzakupid.o(.data)
    out_gyro_pitch                           0x20000114   Data           4  suzakupid.o(.data)
    out_gyro_yaw                             0x20000118   Data           4  suzakupid.o(.data)
    .data                                    0x2000011c   Section        2  suzakuflightctrl.o(.data)
    i                                        0x2000011c   Data           1  suzakuflightctrl.o(.data)
    i                                        0x2000011d   Data           1  suzakuflightctrl.o(.data)
    .data                                    0x20000120   Section        8  suzakucal.o(.data)
    cnt                                      0x20000120   Data           1  suzakucal.o(.data)
    flightMode                               0x20000121   Data           1  suzakucal.o(.data)
    sum_yaw                                  0x20000124   Data           4  suzakucal.o(.data)
    .data                                    0x20000128   Section        4  interrupts.o(.data)
    ms10                                     0x20000128   Data           1  interrupts.o(.data)
    ms20                                     0x20000129   Data           1  interrupts.o(.data)
    ms35                                     0x2000012a   Data           1  interrupts.o(.data)
    ms500                                    0x2000012b   Data           1  interrupts.o(.data)
    .data                                    0x2000012c   Section        4  esc_pwm.o(.data)
    .data                                    0x20000130   Section        4  esc_pwm.o(.data)
    .data                                    0x20000134   Section        4  esc_pwm.o(.data)
    .data                                    0x20000138   Section        4  esc_pwm.o(.data)
    .data                                    0x2000013c   Section       80  ano_of.o(.data)
    _data_cnt                                0x2000013c   Data           1  ano_of.o(.data)
    _data_len                                0x2000013d   Data           1  ano_of.o(.data)
    state                                    0x2000013e   Data           1  ano_of.o(.data)
    of_check_f                               0x20000168   Data           2  ano_of.o(.data)
    of_check_cnt                             0x2000016a   Data           4  ano_of.o(.data)
    .data                                    0x2000018c   Section       40  jy901.o(.data)
    ucRxCnt                                  0x2000018c   Data           1  jy901.o(.data)
    .data                                    0x200001b4   Section        4  stdout.o(.data)
    vtable                                   0x20000400   Section      620  interrupt.o(vtable)
    g_pfnRAMVectors                          0x20000400   Data         620  interrupt.o(vtable)
    .bss                                     0x2000066c   Section       13  uservariables.o(.bss)
    .bss                                     0x2000067c   Section      116  uservariables.o(.bss)
    .bss                                     0x200006f0   Section       50  ano_of.o(.bss)
    _datatemp                                0x200006f0   Data          50  ano_of.o(.bss)
    .bss                                     0x20000722   Section       12  jy901.o(.bss)
    ucRxBuffer                               0x20000722   Data          12  jy901.o(.bss)
    STACK                                    0x20000730   Section      512  startup_tm4c123.o(STACK)

    Global Symbols

    Symbol Name                              Value     Ov Type        Size  Object(Section)

    BuildAttributes$$THM_ISAv4$E$P$D$K$B$S$7EM$VFPi3$EXTD16$VFPS$VFMA$PE$A:L22UL41UL21$X:L11$S22US41US21$IEEE1$IW$USESV6$~STKCKD$USESV7$~SHL$OTIME$ROPI$EBA8$MICROLIB$REQ8$PRES8$EABIv2 0x00000000   Number         0  anon$$obj.o ABSOLUTE
    __ARM_use_no_argv                        0x00000000   Number         0  suzakumain.o ABSOLUTE
    __Vectors                                0x00000000   Data           4  startup_tm4c123.o(RESET)
    _printf_a                                0x00000000   Number         0  stubs.o ABSOLUTE
    _printf_c                                0x00000000   Number         0  stubs.o ABSOLUTE
    _printf_charcount                        0x00000000   Number         0  stubs.o ABSOLUTE
    _printf_d                                0x00000000   Number         0  stubs.o ABSOLUTE
    _printf_e                                0x00000000   Number         0  stubs.o ABSOLUTE
    _printf_f                                0x00000000   Number         0  stubs.o ABSOLUTE
    _printf_flags                            0x00000000   Number         0  stubs.o ABSOLUTE
    _printf_fp_dec                           0x00000000   Number         0  stubs.o ABSOLUTE
    _printf_fp_hex                           0x00000000   Number         0  stubs.o ABSOLUTE
    _printf_g                                0x00000000   Number         0  stubs.o ABSOLUTE
    _printf_i                                0x00000000   Number         0  stubs.o ABSOLUTE
    _printf_int_dec                          0x00000000   Number         0  stubs.o ABSOLUTE
    _printf_l                                0x00000000   Number         0  stubs.o ABSOLUTE
    _printf_lc                               0x00000000   Number         0  stubs.o ABSOLUTE
    _printf_ll                               0x00000000   Number         0  stubs.o ABSOLUTE
    _printf_lld                              0x00000000   Number         0  stubs.o ABSOLUTE
    _printf_lli                              0x00000000   Number         0  stubs.o ABSOLUTE
    _printf_llo                              0x00000000   Number         0  stubs.o ABSOLUTE
    _printf_llu                              0x00000000   Number         0  stubs.o ABSOLUTE
    _printf_llx                              0x00000000   Number         0  stubs.o ABSOLUTE
    _printf_longlong_dec                     0x00000000   Number         0  stubs.o ABSOLUTE
    _printf_longlong_hex                     0x00000000   Number         0  stubs.o ABSOLUTE
    _printf_longlong_oct                     0x00000000   Number         0  stubs.o ABSOLUTE
    _printf_ls                               0x00000000   Number         0  stubs.o ABSOLUTE
    _printf_mbtowc                           0x00000000   Number         0  stubs.o ABSOLUTE
    _printf_n                                0x00000000   Number         0  stubs.o ABSOLUTE
    _printf_o                                0x00000000   Number         0  stubs.o ABSOLUTE
    _printf_p                                0x00000000   Number         0  stubs.o ABSOLUTE
    _printf_percent                          0x00000000   Number         0  stubs.o ABSOLUTE
    _printf_pre_padding                      0x00000000   Number         0  stubs.o ABSOLUTE
    _printf_return_value                     0x00000000   Number         0  stubs.o ABSOLUTE
    _printf_s                                0x00000000   Number         0  stubs.o ABSOLUTE
    _printf_sizespec                         0x00000000   Number         0  stubs.o ABSOLUTE
    _printf_str                              0x00000000   Number         0  stubs.o ABSOLUTE
    _printf_truncate_signed                  0x00000000   Number         0  stubs.o ABSOLUTE
    _printf_truncate_unsigned                0x00000000   Number         0  stubs.o ABSOLUTE
    _printf_u                                0x00000000   Number         0  stubs.o ABSOLUTE
    _printf_wc                               0x00000000   Number         0  stubs.o ABSOLUTE
    _printf_wctomb                           0x00000000   Number         0  stubs.o ABSOLUTE
    _printf_widthprec                        0x00000000   Number         0  stubs.o ABSOLUTE
    _printf_x                                0x00000000   Number         0  stubs.o ABSOLUTE
    __cpp_initialize__aeabi_                  - Undefined Weak Reference
    __cxa_finalize                            - Undefined Weak Reference
    _clock_init                               - Undefined Weak Reference
    _microlib_exit                            - Undefined Weak Reference
    __Vectors_End                            0x0000026c   Data           0  startup_tm4c123.o(RESET)
    __Vectors_Size                           0x0000026c   Number         0  startup_tm4c123.o ABSOLUTE
    __main                                   0x0000026d   Thumb Code     0  entry.o(.ARM.Collect$$$$00000000)
    _main_stk                                0x0000026d   Thumb Code     0  entry2.o(.ARM.Collect$$$$00000001)
    _main_scatterload                        0x00000271   Thumb Code     0  entry5.o(.ARM.Collect$$$$00000004)
    __main_after_scatterload                 0x00000275   Thumb Code     0  entry5.o(.ARM.Collect$$$$00000004)
    _main_clock                              0x00000275   Thumb Code     0  entry7b.o(.ARM.Collect$$$$00000008)
    _main_cpp_init                           0x00000275   Thumb Code     0  entry8b.o(.ARM.Collect$$$$0000000A)
    _main_init                               0x00000275   Thumb Code     0  entry9a.o(.ARM.Collect$$$$0000000B)
    __rt_final_cpp                           0x0000027d   Thumb Code     0  entry10a.o(.ARM.Collect$$$$0000000D)
    __rt_final_exit                          0x0000027d   Thumb Code     0  entry11a.o(.ARM.Collect$$$$0000000F)
    SysCtlDelay                              0x00000281   Thumb Code     6  sysctl.o(.emb_text)
    Reset_Handler                            0x00000289   Thumb Code     8  startup_tm4c123.o(.text)
    NMI_Handler                              0x00000291   Thumb Code     2  startup_tm4c123.o(.text)
    HardFault_Handler                        0x00000293   Thumb Code     2  startup_tm4c123.o(.text)
    MemManage_Handler                        0x00000295   Thumb Code     2  startup_tm4c123.o(.text)
    BusFault_Handler                         0x00000297   Thumb Code     2  startup_tm4c123.o(.text)
    UsageFault_Handler                       0x00000299   Thumb Code     2  startup_tm4c123.o(.text)
    SVC_Handler                              0x0000029b   Thumb Code     2  startup_tm4c123.o(.text)
    DebugMon_Handler                         0x0000029d   Thumb Code     2  startup_tm4c123.o(.text)
    PendSV_Handler                           0x0000029f   Thumb Code     2  startup_tm4c123.o(.text)
    SysTick_Handler                          0x000002a1   Thumb Code     2  startup_tm4c123.o(.text)
    GPIOA_Handler                            0x000002a3   Thumb Code     2  startup_tm4c123.o(.text)
    GPIOB_Handler                            0x000002a5   Thumb Code     2  startup_tm4c123.o(.text)
    GPIOC_Handler                            0x000002a7   Thumb Code     2  startup_tm4c123.o(.text)
    GPIOD_Handler                            0x000002a9   Thumb Code     2  startup_tm4c123.o(.text)
    GPIOE_Handler                            0x000002ab   Thumb Code     2  startup_tm4c123.o(.text)
    SSI0_Handler                             0x000002b1   Thumb Code     2  startup_tm4c123.o(.text)
    I2C0_Handler                             0x000002b3   Thumb Code     2  startup_tm4c123.o(.text)
    PMW0_FAULT_Handler                       0x000002b5   Thumb Code     2  startup_tm4c123.o(.text)
    PWM0_0_Handler                           0x000002b7   Thumb Code     2  startup_tm4c123.o(.text)
    PWM0_1_Handler                           0x000002b9   Thumb Code     2  startup_tm4c123.o(.text)
    PWM0_2_Handler                           0x000002bb   Thumb Code     2  startup_tm4c123.o(.text)
    QEI0_Handler                             0x000002bd   Thumb Code     2  startup_tm4c123.o(.text)
    ADC0SS0_Handler                          0x000002bf   Thumb Code     2  startup_tm4c123.o(.text)
    ADC0SS1_Handler                          0x000002c1   Thumb Code     2  startup_tm4c123.o(.text)
    ADC0SS2_Handler                          0x000002c3   Thumb Code     2  startup_tm4c123.o(.text)
    ADC0SS3_Handler                          0x000002c5   Thumb Code     2  startup_tm4c123.o(.text)
    WDT0_Handler                             0x000002c7   Thumb Code     2  startup_tm4c123.o(.text)
    TIMER0A_Handler                          0x000002c9   Thumb Code     2  startup_tm4c123.o(.text)
    TIMER0B_Handler                          0x000002cb   Thumb Code     2  startup_tm4c123.o(.text)
    TIMER1A_Handler                          0x000002cd   Thumb Code     2  startup_tm4c123.o(.text)
    TIMER1B_Handler                          0x000002cf   Thumb Code     2  startup_tm4c123.o(.text)
    TIMER2A_Handler                          0x000002d1   Thumb Code     2  startup_tm4c123.o(.text)
    TIMER2B_Handler                          0x000002d3   Thumb Code     2  startup_tm4c123.o(.text)
    COMP0_Handler                            0x000002d5   Thumb Code     2  startup_tm4c123.o(.text)
    COMP1_Handler                            0x000002d7   Thumb Code     2  startup_tm4c123.o(.text)
    COMP2_Handler                            0x000002d9   Thumb Code     2  startup_tm4c123.o(.text)
    SYSCTL_Handler                           0x000002db   Thumb Code     2  startup_tm4c123.o(.text)
    FLASH_Handler                            0x000002dd   Thumb Code     2  startup_tm4c123.o(.text)
    GPIOF_Handler                            0x000002df   Thumb Code     2  startup_tm4c123.o(.text)
    GPIOG_Handler                            0x000002e1   Thumb Code     2  startup_tm4c123.o(.text)
    GPIOH_Handler                            0x000002e3   Thumb Code     2  startup_tm4c123.o(.text)
    UART2_Handler                            0x000002e5   Thumb Code     2  startup_tm4c123.o(.text)
    SSI1_Handler                             0x000002e7   Thumb Code     2  startup_tm4c123.o(.text)
    TIMER3A_Handler                          0x000002e9   Thumb Code     2  startup_tm4c123.o(.text)
    TIMER3B_Handler                          0x000002eb   Thumb Code     2  startup_tm4c123.o(.text)
    I2C1_Handler                             0x000002ed   Thumb Code     2  startup_tm4c123.o(.text)
    QEI1_Handler                             0x000002ef   Thumb Code     2  startup_tm4c123.o(.text)
    CAN0_Handler                             0x000002f1   Thumb Code     2  startup_tm4c123.o(.text)
    CAN1_Handler                             0x000002f3   Thumb Code     2  startup_tm4c123.o(.text)
    CAN2_Handler                             0x000002f5   Thumb Code     2  startup_tm4c123.o(.text)
    HIB_Handler                              0x000002f7   Thumb Code     2  startup_tm4c123.o(.text)
    USB0_Handler                             0x000002f9   Thumb Code     2  startup_tm4c123.o(.text)
    PWM0_3_Handler                           0x000002fb   Thumb Code     2  startup_tm4c123.o(.text)
    UDMA_Handler                             0x000002fd   Thumb Code     2  startup_tm4c123.o(.text)
    UDMAERR_Handler                          0x000002ff   Thumb Code     2  startup_tm4c123.o(.text)
    ADC1SS0_Handler                          0x00000301   Thumb Code     2  startup_tm4c123.o(.text)
    ADC1SS1_Handler                          0x00000303   Thumb Code     2  startup_tm4c123.o(.text)
    ADC1SS2_Handler                          0x00000305   Thumb Code     2  startup_tm4c123.o(.text)
    ADC1SS3_Handler                          0x00000307   Thumb Code     2  startup_tm4c123.o(.text)
    GPIOJ_Handler                            0x00000309   Thumb Code     2  startup_tm4c123.o(.text)
    GPIOK_Handler                            0x0000030b   Thumb Code     2  startup_tm4c123.o(.text)
    GPIOL_Handler                            0x0000030d   Thumb Code     2  startup_tm4c123.o(.text)
    SSI2_Handler                             0x0000030f   Thumb Code     2  startup_tm4c123.o(.text)
    SSI3_Handler                             0x00000311   Thumb Code     2  startup_tm4c123.o(.text)
    UART3_Handler                            0x00000313   Thumb Code     2  startup_tm4c123.o(.text)
    UART4_Handler                            0x00000315   Thumb Code     2  startup_tm4c123.o(.text)
    UART6_Handler                            0x00000319   Thumb Code     2  startup_tm4c123.o(.text)
    UART7_Handler                            0x0000031b   Thumb Code     2  startup_tm4c123.o(.text)
    I2C2_Handler                             0x0000031d   Thumb Code     2  startup_tm4c123.o(.text)
    I2C3_Handler                             0x0000031f   Thumb Code     2  startup_tm4c123.o(.text)
    TIMER4A_Handler                          0x00000321   Thumb Code     2  startup_tm4c123.o(.text)
    TIMER4B_Handler                          0x00000323   Thumb Code     2  startup_tm4c123.o(.text)
    TIMER5A_Handler                          0x00000325   Thumb Code     2  startup_tm4c123.o(.text)
    TIMER5B_Handler                          0x00000327   Thumb Code     2  startup_tm4c123.o(.text)
    WTIMER0A_Handler                         0x00000329   Thumb Code     2  startup_tm4c123.o(.text)
    WTIMER0B_Handler                         0x0000032b   Thumb Code     2  startup_tm4c123.o(.text)
    WTIMER1A_Handler                         0x0000032d   Thumb Code     2  startup_tm4c123.o(.text)
    WTIMER1B_Handler                         0x0000032f   Thumb Code     2  startup_tm4c123.o(.text)
    WTIMER2A_Handler                         0x00000331   Thumb Code     2  startup_tm4c123.o(.text)
    WTIMER2B_Handler                         0x00000333   Thumb Code     2  startup_tm4c123.o(.text)
    WTIMER3A_Handler                         0x00000335   Thumb Code     2  startup_tm4c123.o(.text)
    WTIMER3B_Handler                         0x00000337   Thumb Code     2  startup_tm4c123.o(.text)
    WTIMER4A_Handler                         0x00000339   Thumb Code     2  startup_tm4c123.o(.text)
    WTIMER4B_Handler                         0x0000033b   Thumb Code     2  startup_tm4c123.o(.text)
    WTIMER5A_Handler                         0x0000033d   Thumb Code     2  startup_tm4c123.o(.text)
    WTIMER5B_Handler                         0x0000033f   Thumb Code     2  startup_tm4c123.o(.text)
    FPU_Handler                              0x00000341   Thumb Code     2  startup_tm4c123.o(.text)
    I2C4_Handler                             0x00000343   Thumb Code     2  startup_tm4c123.o(.text)
    I2C5_Handler                             0x00000345   Thumb Code     2  startup_tm4c123.o(.text)
    GPIOM_Handler                            0x00000347   Thumb Code     2  startup_tm4c123.o(.text)
    GPION_Handler                            0x00000349   Thumb Code     2  startup_tm4c123.o(.text)
    QEI2_Handler                             0x0000034b   Thumb Code     2  startup_tm4c123.o(.text)
    GPIOP0_Handler                           0x0000034d   Thumb Code     2  startup_tm4c123.o(.text)
    GPIOP1_Handler                           0x0000034f   Thumb Code     2  startup_tm4c123.o(.text)
    GPIOP2_Handler                           0x00000351   Thumb Code     2  startup_tm4c123.o(.text)
    GPIOP3_Handler                           0x00000353   Thumb Code     2  startup_tm4c123.o(.text)
    GPIOP4_Handler                           0x00000355   Thumb Code     2  startup_tm4c123.o(.text)
    GPIOP5_Handler                           0x00000357   Thumb Code     2  startup_tm4c123.o(.text)
    GPIOP6_Handler                           0x00000359   Thumb Code     2  startup_tm4c123.o(.text)
    GPIOP7_Handler                           0x0000035b   Thumb Code     2  startup_tm4c123.o(.text)
    GPIOQ0_Handler                           0x0000035d   Thumb Code     2  startup_tm4c123.o(.text)
    GPIOQ1_Handler                           0x0000035f   Thumb Code     2  startup_tm4c123.o(.text)
    GPIOQ2_Handler                           0x00000361   Thumb Code     2  startup_tm4c123.o(.text)
    GPIOQ3_Handler                           0x00000363   Thumb Code     2  startup_tm4c123.o(.text)
    GPIOQ4_Handler                           0x00000365   Thumb Code     2  startup_tm4c123.o(.text)
    GPIOQ5_Handler                           0x00000367   Thumb Code     2  startup_tm4c123.o(.text)
    GPIOQ6_Handler                           0x00000369   Thumb Code     2  startup_tm4c123.o(.text)
    GPIOQ7_Handler                           0x0000036b   Thumb Code     2  startup_tm4c123.o(.text)
    GPIOR_Handler                            0x0000036d   Thumb Code     2  startup_tm4c123.o(.text)
    GPIOS_Handler                            0x0000036f   Thumb Code     2  startup_tm4c123.o(.text)
    PMW1_0_Handler                           0x00000371   Thumb Code     2  startup_tm4c123.o(.text)
    PWM1_1_Handler                           0x00000373   Thumb Code     2  startup_tm4c123.o(.text)
    PWM1_2_Handler                           0x00000375   Thumb Code     2  startup_tm4c123.o(.text)
    PWM1_3_Handler                           0x00000377   Thumb Code     2  startup_tm4c123.o(.text)
    PWM1_FAULT_Handler                       0x00000379   Thumb Code     2  startup_tm4c123.o(.text)
    __aeabi_dmul                             0x00000385   Thumb Code   228  dmul.o(.text)
    __aeabi_i2d                              0x00000469   Thumb Code    34  dflti.o(.text)
    __aeabi_f2d                              0x0000048b   Thumb Code    38  f2d.o(.text)
    __aeabi_d2f                              0x000004b1   Thumb Code    56  d2f.o(.text)
    __aeabi_uidiv                            0x000004e9   Thumb Code     0  uidiv.o(.text)
    __aeabi_uidivmod                         0x000004e9   Thumb Code    44  uidiv.o(.text)
    __aeabi_uldivmod                         0x00000515   Thumb Code    98  uldiv.o(.text)
    __I$use$fp                               0x00000577   Thumb Code     0  iusefp.o(.text)
    _float_round                             0x00000577   Thumb Code    18  fepilogue.o(.text)
    _float_epilogue                          0x00000589   Thumb Code    92  fepilogue.o(.text)
    _double_round                            0x000005e5   Thumb Code    30  depilogue.o(.text)
    _double_epilogue                         0x00000603   Thumb Code   156  depilogue.o(.text)
    __aeabi_dadd                             0x0000069f   Thumb Code   322  dadd.o(.text)
    __aeabi_dsub                             0x000007e1   Thumb Code     6  dadd.o(.text)
    __aeabi_drsub                            0x000007e7   Thumb Code     6  dadd.o(.text)
    __aeabi_ddiv                             0x000007ed   Thumb Code   222  ddiv.o(.text)
    __aeabi_d2ulz                            0x000008cb   Thumb Code    48  dfixul.o(.text)
    __aeabi_cdrcmple                         0x000008fd   Thumb Code    48  cdrcmple.o(.text)
    __scatterload                            0x0000092d   Thumb Code    28  init.o(.text)
    __scatterload_rt2                        0x0000092d   Thumb Code     0  init.o(.text)
    __aeabi_llsl                             0x00000951   Thumb Code    30  llshl.o(.text)
    _ll_shift_l                              0x00000951   Thumb Code     0  llshl.o(.text)
    __aeabi_llsr                             0x0000096f   Thumb Code    32  llushr.o(.text)
    _ll_ushift_r                             0x0000096f   Thumb Code     0  llushr.o(.text)
    __aeabi_lasr                             0x0000098f   Thumb Code    36  llsshr.o(.text)
    _ll_sshift_r                             0x0000098f   Thumb Code     0  llsshr.o(.text)
    __decompress                             0x000009b3   Thumb Code     0  __dczerorl.o(.text)
    __decompress0                            0x000009b3   Thumb Code    58  __dczerorl.o(.text)
    ALT_PID                                  0x000009ed   Thumb Code   254  suzakupid.o(i.ALT_PID)
    ATT_PID                                  0x00000b15   Thumb Code   720  suzakupid.o(i.ATT_PID)
    ATT_TEMP                                 0x00000e6d   Thumb Code   116  suzakucal.o(i.ATT_TEMP)
    All_init                                 0x00000f0d   Thumb Code    42  initializers.o(i.All_init)
    AnoOF_DataAnl                            0x00000f39   Thumb Code   542  ano_of.o(i.AnoOF_DataAnl)
    AnoOF_GetOneByte                         0x00001171   Thumb Code   144  ano_of.o(i.AnoOF_GetOneByte)
    Auto_land                                0x00001209   Thumb Code    86  suzakuflightctrl.o(i.Auto_land)
    EEPROMMassErase                          0x00001271   Thumb Code   110  eeprom.o(i.EEPROMMassErase)
    EEPROMRead                               0x000012fd   Thumb Code    48  eeprom.o(i.EEPROMRead)
    GPIOPinWrite                             0x00001331   Thumb Code     6  gpio.o(i.GPIOPinWrite)
    IntEnable                                0x00001339   Thumb Code    92  interrupt.o(i.IntEnable)
    IntRegister                              0x0000139d   Thumb Code    44  interrupt.o(i.IntRegister)
    JY901_GetOneByte                         0x000013d1   Thumb Code   364  jy901.o(i.JY901_GetOneByte)
    LOC_PID                                  0x00001559   Thumb Code   260  suzakupid.o(i.LOC_PID)
    SysCtlPeripheralReset                    0x00001689   Thumb Code    56  sysctl.o(i.SysCtlPeripheralReset)
    SysTickIntHandler                        0x000016c5   Thumb Code   156  interrupts.o(i.SysTickIntHandler)
    SysTickIntRegister                       0x00001779   Thumb Code    24  systick.o(i.SysTickIntRegister)
    SystemInit                               0x00001791   Thumb Code    90  system_tm4c123.o(i.SystemInit)
    UART0_Handler                            0x00001815   Thumb Code  2278  interrupts.o(i.UART0_Handler)
    UART1_Handler                            0x0000233d   Thumb Code    46  interrupts.o(i.UART1_Handler)
    UART5_Handler                            0x00002371   Thumb Code    46  interrupts.o(i.UART5_Handler)
    UARTFIFODisable                          0x000023a5   Thumb Code    10  uart.o(i.UARTFIFODisable)
    UARTIntRegister                          0x000023b1   Thumb Code    70  uart.o(i.UARTIntRegister)
    __0printf                                0x00002409   Thumb Code    22  printfa.o(i.__0printf)
    __1printf                                0x00002409   Thumb Code     0  printfa.o(i.__0printf)
    __2printf                                0x00002409   Thumb Code     0  printfa.o(i.__0printf)
    __c89printf                              0x00002409   Thumb Code     0  printfa.o(i.__0printf)
    printf                                   0x00002409   Thumb Code     0  printfa.o(i.__0printf)
    __scatterload_copy                       0x00002429   Thumb Code    14  handlers.o(i.__scatterload_copy)
    __scatterload_null                       0x00002437   Thumb Code     2  handlers.o(i.__scatterload_null)
    __scatterload_zeroinit                   0x00002439   Thumb Code    14  handlers.o(i.__scatterload_zeroinit)
    blueLed                                  0x00002cfd   Thumb Code    38  led.o(i.blueLed)
    fputc                                    0x00002d29   Thumb Code    36  initializers.o(i.fputc)
    initClock                                0x00002d51   Thumb Code    36  initializers.o(i.initClock)
    initEEPROM                               0x00002d79   Thumb Code   310  initializers.o(i.initEEPROM)
    initFlag                                 0x00002f21   Thumb Code    16  initializers.o(i.initFlag)
    initKey                                  0x00002f35   Thumb Code    84  initializers.o(i.initKey)
    initLED                                  0x00002f91   Thumb Code    44  initializers.o(i.initLED)
    initPWM                                  0x00002fc5   Thumb Code   196  initializers.o(i.initPWM)
    initSysTick                              0x000030a9   Thumb Code    46  initializers.o(i.initSysTick)
    initUART                                 0x000030dd   Thumb Code   318  initializers.o(i.initUART)
    main                                     0x00003255   Thumb Code    24  suzakumain.o(i.main)
    motoCal                                  0x00003271   Thumb Code   632  suzakucal.o(i.motoCal)
    motoRefresh                              0x00003539   Thumb Code   126  esc_pwm.o(i.motoRefresh)
    redLed                                   0x000035bd   Thumb Code    38  led.o(i.redLed)
    safetyCheck                              0x000035e9   Thumb Code   108  suzakuflightctrl.o(i.safetyCheck)
    saveEEPROMData                           0x0000366d   Thumb Code   278  eeprom.o(i.saveEEPROMData)
    Region$$Table$$Base                      0x00003a64   Number         0  anon$$obj.o(Region$$Table)
    Region$$Table$$Limit                     0x00003a84   Number         0  anon$$obj.o(Region$$Table)
    tarHeight                                0x20000000   Data           2  uservariables.o(.data)
    throttle                                 0x20000002   Data           2  uservariables.o(.data)
    kp_roll                                  0x20000004   Data           4  uservariables.o(.data)
    kp_g_roll                                0x20000008   Data           4  uservariables.o(.data)
    kp_pitch                                 0x2000000c   Data           4  uservariables.o(.data)
    kp_g_pitch                               0x20000010   Data           4  uservariables.o(.data)
    kp_yaw                                   0x20000014   Data           4  uservariables.o(.data)
    kp_g_yaw                                 0x20000018   Data           4  uservariables.o(.data)
    ki_roll                                  0x2000001c   Data           4  uservariables.o(.data)
    ki_g_roll                                0x20000020   Data           4  uservariables.o(.data)
    ki_pitch                                 0x20000024   Data           4  uservariables.o(.data)
    ki_g_pitch                               0x20000028   Data           4  uservariables.o(.data)
    ki_yaw                                   0x2000002c   Data           4  uservariables.o(.data)
    ki_g_yaw                                 0x20000030   Data           4  uservariables.o(.data)
    kd_g_roll                                0x20000034   Data           4  uservariables.o(.data)
    kd_g_pitch                               0x20000038   Data           4  uservariables.o(.data)
    kd_g_yaw                                 0x2000003c   Data           4  uservariables.o(.data)
    kp_x                                     0x20000040   Data           4  uservariables.o(.data)
    kp_y                                     0x20000044   Data           4  uservariables.o(.data)
    kp_h                                     0x20000048   Data           4  uservariables.o(.data)
    ki_h                                     0x2000004c   Data           4  uservariables.o(.data)
    kd_h                                     0x20000050   Data           4  uservariables.o(.data)
    offsetRoll                               0x20000054   Data           4  uservariables.o(.data)
    offsetPitch                              0x20000058   Data           4  uservariables.o(.data)
    tarYaw                                   0x2000005c   Data           4  uservariables.o(.data)
    roll_temp                                0x20000060   Data           4  uservariables.o(.data)
    pitch_temp                               0x20000064   Data           4  uservariables.o(.data)
    yaw_temp                                 0x20000068   Data           4  uservariables.o(.data)
    att_cal1                                 0x2000006c   Data           4  uservariables.o(.data)
    att_cal2                                 0x20000070   Data           4  uservariables.o(.data)
    att_cal3                                 0x20000074   Data           4  uservariables.o(.data)
    att_cal4                                 0x20000078   Data           4  uservariables.o(.data)
    alt_cal1                                 0x2000007c   Data           4  uservariables.o(.data)
    alt_cal2                                 0x20000080   Data           4  uservariables.o(.data)
    alt_cal3                                 0x20000084   Data           4  uservariables.o(.data)
    alt_cal4                                 0x20000088   Data           4  uservariables.o(.data)
    loc_cal1                                 0x2000008c   Data           4  uservariables.o(.data)
    loc_cal2                                 0x20000090   Data           4  uservariables.o(.data)
    loc_cal3                                 0x20000094   Data           4  uservariables.o(.data)
    loc_cal4                                 0x20000098   Data           4  uservariables.o(.data)
    ki_x                                     0x2000009c   Data           4  uservariables.o(.data)
    ki_y                                     0x200000a0   Data           4  uservariables.o(.data)
    kd_x                                     0x200000a4   Data           4  uservariables.o(.data)
    kd_y                                     0x200000a8   Data           4  uservariables.o(.data)
    moto1                                    0x2000012c   Data           4  esc_pwm.o(.data)
    moto2                                    0x20000130   Data           4  esc_pwm.o(.data)
    moto3                                    0x20000134   Data           4  esc_pwm.o(.data)
    moto4                                    0x20000138   Data           4  esc_pwm.o(.data)
    OF_QUA                                   0x2000013f   Data           1  ano_of.o(.data)
    OF_LIGHT                                 0x20000140   Data           1  ano_of.o(.data)
    OF_DX                                    0x20000141   Data           1  ano_of.o(.data)
    OF_DY                                    0x20000142   Data           1  ano_of.o(.data)
    OF_DX2                                   0x20000144   Data           2  ano_of.o(.data)
    OF_DY2                                   0x20000146   Data           2  ano_of.o(.data)
    OF_DX2FIX                                0x20000148   Data           2  ano_of.o(.data)
    OF_DY2FIX                                0x2000014a   Data           2  ano_of.o(.data)
    OF_ALT                                   0x2000014c   Data           2  ano_of.o(.data)
    OF_ALT2                                  0x2000014e   Data           2  ano_of.o(.data)
    OF_GYR_X                                 0x20000150   Data           2  ano_of.o(.data)
    OF_GYR_Y                                 0x20000152   Data           2  ano_of.o(.data)
    OF_GYR_Z                                 0x20000154   Data           2  ano_of.o(.data)
    OF_GYR_X2                                0x20000156   Data           2  ano_of.o(.data)
    OF_GYR_Y2                                0x20000158   Data           2  ano_of.o(.data)
    OF_GYR_Z2                                0x2000015a   Data           2  ano_of.o(.data)
    OF_ACC_X                                 0x2000015c   Data           2  ano_of.o(.data)
    OF_ACC_Y                                 0x2000015e   Data           2  ano_of.o(.data)
    OF_ACC_Z                                 0x20000160   Data           2  ano_of.o(.data)
    OF_ACC_X2                                0x20000162   Data           2  ano_of.o(.data)
    OF_ACC_Y2                                0x20000164   Data           2  ano_of.o(.data)
    OF_ACC_Z2                                0x20000166   Data           2  ano_of.o(.data)
    OF_ATT_ROL                               0x20000170   Data           4  ano_of.o(.data)
    OF_ATT_PIT                               0x20000174   Data           4  ano_of.o(.data)
    OF_ATT_YAW                               0x20000178   Data           4  ano_of.o(.data)
    OF_ATT_S1                                0x2000017c   Data           4  ano_of.o(.data)
    OF_ATT_S2                                0x20000180   Data           4  ano_of.o(.data)
    OF_ATT_S3                                0x20000184   Data           4  ano_of.o(.data)
    OF_ATT_S4                                0x20000188   Data           4  ano_of.o(.data)
    roll                                     0x20000190   Data           4  jy901.o(.data)
    pitch                                    0x20000194   Data           4  jy901.o(.data)
    yaw                                      0x20000198   Data           4  jy901.o(.data)
    accX                                     0x2000019c   Data           4  jy901.o(.data)
    accY                                     0x200001a0   Data           4  jy901.o(.data)
    accZ                                     0x200001a4   Data           4  jy901.o(.data)
    gyrX                                     0x200001a8   Data           4  jy901.o(.data)
    gyrY                                     0x200001ac   Data           4  jy901.o(.data)
    gyrZ                                     0x200001b0   Data           4  jy901.o(.data)
    __stdout                                 0x200001b4   Data           4  stdout.o(.data)
    flag                                     0x2000066c   Data          13  uservariables.o(.bss)
    e2prom_value                             0x2000067c   Data         116  uservariables.o(.bss)
    __initial_sp                             0x20000930   Data           0  startup_tm4c123.o(STACK)



==============================================================================

Memory Map of the image

  Image Entry point : 0x0000026d

  Load Region LR_IROM1 (Base: 0x00000000, Size: 0x000040f0, Max: 0x00040000, ABSOLUTE, COMPRESSED[0x00003a9c])

    Execution Region ER_IROM1 (Exec base: 0x00000000, Load base: 0x00000000, Size: 0x00003a84, Max: 0x00040000, ABSOLUTE)

    Exec Addr    Load Addr    Size         Type   Attr      Idx    E Section Name        Object

    0x00000000   0x00000000   0x0000026c   Data   RO          489    RESET               startup_tm4c123.o
    0x0000026c   0x0000026c   0x00000000   Code   RO         1838  * .ARM.Collect$$$$00000000  mc_w.l(entry.o)
    0x0000026c   0x0000026c   0x00000004   Code   RO         2110    .ARM.Collect$$$$00000001  mc_w.l(entry2.o)
    0x00000270   0x00000270   0x00000004   Code   RO         2113    .ARM.Collect$$$$00000004  mc_w.l(entry5.o)
    0x00000274   0x00000274   0x00000000   Code   RO         2115    .ARM.Collect$$$$00000008  mc_w.l(entry7b.o)
    0x00000274   0x00000274   0x00000000   Code   RO         2117    .ARM.Collect$$$$0000000A  mc_w.l(entry8b.o)
    0x00000274   0x00000274   0x00000008   Code   RO         2118    .ARM.Collect$$$$0000000B  mc_w.l(entry9a.o)
    0x0000027c   0x0000027c   0x00000000   Code   RO         2120    .ARM.Collect$$$$0000000D  mc_w.l(entry10a.o)
    0x0000027c   0x0000027c   0x00000000   Code   RO         2122    .ARM.Collect$$$$0000000F  mc_w.l(entry11a.o)
    0x0000027c   0x0000027c   0x00000004   Code   RO         2111    .ARM.Collect$$$$00002712  mc_w.l(entry2.o)
    0x00000280   0x00000280   0x00000006   Code   RO         1486    .emb_text           driverlib.lib(sysctl.o)
    0x00000286   0x00000286   0x00000002   PAD
    0x00000288   0x00000288   0x000000fc   Code   RO          490    .text               startup_tm4c123.o
    0x00000384   0x00000384   0x000000e4   Code   RO         2102    .text               mf_w.l(dmul.o)
    0x00000468   0x00000468   0x00000022   Code   RO         2104    .text               mf_w.l(dflti.o)
    0x0000048a   0x0000048a   0x00000026   Code   RO         2106    .text               mf_w.l(f2d.o)
    0x000004b0   0x000004b0   0x00000038   Code   RO         2108    .text               mf_w.l(d2f.o)
    0x000004e8   0x000004e8   0x0000002c   Code   RO         2125    .text               mc_w.l(uidiv.o)
    0x00000514   0x00000514   0x00000062   Code   RO         2127    .text               mc_w.l(uldiv.o)
    0x00000576   0x00000576   0x00000000   Code   RO         2129    .text               mc_w.l(iusefp.o)
    0x00000576   0x00000576   0x0000006e   Code   RO         2130    .text               mf_w.l(fepilogue.o)
    0x000005e4   0x000005e4   0x000000ba   Code   RO         2132    .text               mf_w.l(depilogue.o)
    0x0000069e   0x0000069e   0x0000014e   Code   RO         2134    .text               mf_w.l(dadd.o)
    0x000007ec   0x000007ec   0x000000de   Code   RO         2136    .text               mf_w.l(ddiv.o)
    0x000008ca   0x000008ca   0x00000030   Code   RO         2138    .text               mf_w.l(dfixul.o)
    0x000008fa   0x000008fa   0x00000002   PAD
    0x000008fc   0x000008fc   0x00000030   Code   RO         2140    .text               mf_w.l(cdrcmple.o)
    0x0000092c   0x0000092c   0x00000024   Code   RO         2142    .text               mc_w.l(init.o)
    0x00000950   0x00000950   0x0000001e   Code   RO         2144    .text               mc_w.l(llshl.o)
    0x0000096e   0x0000096e   0x00000020   Code   RO         2146    .text               mc_w.l(llushr.o)
    0x0000098e   0x0000098e   0x00000024   Code   RO         2148    .text               mc_w.l(llsshr.o)
    0x000009b2   0x000009b2   0x0000003a   Code   RO         2158    .text               mc_w.l(__dczerorl.o)
    0x000009ec   0x000009ec   0x00000128   Code   RO          143    i.ALT_PID           suzakupid.o
    0x00000b14   0x00000b14   0x00000358   Code   RO          144    i.ATT_PID           suzakupid.o
    0x00000e6c   0x00000e6c   0x000000a0   Code   RO          199    i.ATT_TEMP          suzakucal.o
    0x00000f0c   0x00000f0c   0x0000002a   Code   RO          218    i.All_init          initializers.o
    0x00000f36   0x00000f36   0x00000002   PAD
    0x00000f38   0x00000f38   0x00000238   Code   RO          337    i.AnoOF_DataAnl     ano_of.o
    0x00001170   0x00001170   0x00000098   Code   RO          339    i.AnoOF_GetOneByte  ano_of.o
    0x00001208   0x00001208   0x00000068   Code   RO          169    i.Auto_land         suzakuflightctrl.o
    0x00001270   0x00001270   0x0000008c   Code   RO          564    i.EEPROMMassErase   driverlib.lib(eeprom.o)
    0x000012fc   0x000012fc   0x00000034   Code   RO          567    i.EEPROMRead        driverlib.lib(eeprom.o)
    0x00001330   0x00001330   0x00000006   Code   RO          749    i.GPIOPinWrite      driverlib.lib(gpio.o)
    0x00001336   0x00001336   0x00000002   PAD
    0x00001338   0x00001338   0x00000064   Code   RO         1374    i.IntEnable         driverlib.lib(interrupt.o)
    0x0000139c   0x0000139c   0x00000034   Code   RO         1386    i.IntRegister       driverlib.lib(interrupt.o)
    0x000013d0   0x000013d0   0x00000188   Code   RO          419    i.JY901_GetOneByte  jy901.o
    0x00001558   0x00001558   0x00000130   Code   RO          145    i.LOC_PID           suzakupid.o
    0x00001688   0x00001688   0x0000003c   Code   RO         1525    i.SysCtlPeripheralReset  driverlib.lib(sysctl.o)
    0x000016c4   0x000016c4   0x000000b4   Code   RO          282    i.SysTickIntHandler  interrupts.o
    0x00001778   0x00001778   0x00000018   Code   RO         1016    i.SysTickIntRegister  driverlib.lib(systick.o)
    0x00001790   0x00001790   0x00000084   Code   RO          499    i.SystemInit        system_tm4c123.o
    0x00001814   0x00001814   0x00000b28   Code   RO          283    i.UART0_Handler     interrupts.o
    0x0000233c   0x0000233c   0x00000034   Code   RO          284    i.UART1_Handler     interrupts.o
    0x00002370   0x00002370   0x00000034   Code   RO          285    i.UART5_Handler     interrupts.o
    0x000023a4   0x000023a4   0x0000000a   Code   RO         1099    i.UARTFIFODisable   driverlib.lib(uart.o)
    0x000023ae   0x000023ae   0x00000002   PAD
    0x000023b0   0x000023b0   0x00000058   Code   RO         1108    i.UARTIntRegister   driverlib.lib(uart.o)
    0x00002408   0x00002408   0x00000020   Code   RO         2074    i.__0printf         mc_w.l(printfa.o)
    0x00002428   0x00002428   0x0000000e   Code   RO         2152    i.__scatterload_copy  mc_w.l(handlers.o)
    0x00002436   0x00002436   0x00000002   Code   RO         2153    i.__scatterload_null  mc_w.l(handlers.o)
    0x00002438   0x00002438   0x0000000e   Code   RO         2154    i.__scatterload_zeroinit  mc_w.l(handlers.o)
    0x00002446   0x00002446   0x00000002   PAD
    0x00002448   0x00002448   0x00000184   Code   RO         2081    i._fp_digits        mc_w.l(printfa.o)
    0x000025cc   0x000025cc   0x000006dc   Code   RO         2082    i._printf_core      mc_w.l(printfa.o)
    0x00002ca8   0x00002ca8   0x00000024   Code   RO         2083    i._printf_post_padding  mc_w.l(printfa.o)
    0x00002ccc   0x00002ccc   0x0000002e   Code   RO         2084    i._printf_pre_padding  mc_w.l(printfa.o)
    0x00002cfa   0x00002cfa   0x00000002   PAD
    0x00002cfc   0x00002cfc   0x0000002c   Code   RO          439    i.blueLed           led.o
    0x00002d28   0x00002d28   0x00000028   Code   RO          219    i.fputc             initializers.o
    0x00002d50   0x00002d50   0x00000028   Code   RO          220    i.initClock         initializers.o
    0x00002d78   0x00002d78   0x000001a8   Code   RO          221    i.initEEPROM        initializers.o
    0x00002f20   0x00002f20   0x00000014   Code   RO          222    i.initFlag          initializers.o
    0x00002f34   0x00002f34   0x0000005c   Code   RO          223    i.initKey           initializers.o
    0x00002f90   0x00002f90   0x00000034   Code   RO          224    i.initLED           initializers.o
    0x00002fc4   0x00002fc4   0x000000e4   Code   RO          225    i.initPWM           initializers.o
    0x000030a8   0x000030a8   0x00000034   Code   RO          226    i.initSysTick       initializers.o
    0x000030dc   0x000030dc   0x00000178   Code   RO          227    i.initUART          initializers.o
    0x00003254   0x00003254   0x0000001c   Code   RO            1    i.main              suzakumain.o
    0x00003270   0x00003270   0x000002c8   Code   RO          200    i.motoCal           suzakucal.o
    0x00003538   0x00003538   0x00000084   Code   RO          314    i.motoRefresh       esc_pwm.o
    0x000035bc   0x000035bc   0x0000002c   Code   RO          442    i.redLed            led.o
    0x000035e8   0x000035e8   0x00000084   Code   RO          171    i.safetyCheck       suzakuflightctrl.o
    0x0000366c   0x0000366c   0x00000184   Code   RO          475    i.saveEEPROMData    eeprom.o
    0x000037f0   0x000037f0   0x00000080   Data   RO         1125    .constdata          driverlib.lib(uart.o)
    0x00003870   0x00003870   0x0000010c   Data   RO         1390    .constdata          driverlib.lib(interrupt.o)
    0x0000397c   0x0000397c   0x000000e7   Data   RO          286    .conststring        interrupts.o
    0x00003a63   0x00003a63   0x00000001   PAD
    0x00003a64   0x00003a64   0x00000020   Data   RO         2150    Region$$Table       anon$$obj.o


    Execution Region RW_IRAM1 (Exec base: 0x20000000, Load base: 0x00003a84, Size: 0x00000930, Max: 0x00008000, ABSOLUTE, COMPRESSED[0x00000018])

    Exec Addr    Load Addr    Size         Type   Attr      Idx    E Section Name        Object

    0x20000000   COMPRESSED   0x00000002   Data   RW           86    .data               uservariables.o
    0x20000002   COMPRESSED   0x00000002   Data   RW           87    .data               uservariables.o
    0x20000004   COMPRESSED   0x00000004   Data   RW           88    .data               uservariables.o
    0x20000008   COMPRESSED   0x00000004   Data   RW           89    .data               uservariables.o
    0x2000000c   COMPRESSED   0x00000004   Data   RW           90    .data               uservariables.o
    0x20000010   COMPRESSED   0x00000004   Data   RW           91    .data               uservariables.o
    0x20000014   COMPRESSED   0x00000004   Data   RW           92    .data               uservariables.o
    0x20000018   COMPRESSED   0x00000004   Data   RW           93    .data               uservariables.o
    0x2000001c   COMPRESSED   0x00000004   Data   RW           94    .data               uservariables.o
    0x20000020   COMPRESSED   0x00000004   Data   RW           95    .data               uservariables.o
    0x20000024   COMPRESSED   0x00000004   Data   RW           96    .data               uservariables.o
    0x20000028   COMPRESSED   0x00000004   Data   RW           97    .data               uservariables.o
    0x2000002c   COMPRESSED   0x00000004   Data   RW           98    .data               uservariables.o
    0x20000030   COMPRESSED   0x00000004   Data   RW           99    .data               uservariables.o
    0x20000034   COMPRESSED   0x00000004   Data   RW          100    .data               uservariables.o
    0x20000038   COMPRESSED   0x00000004   Data   RW          101    .data               uservariables.o
    0x2000003c   COMPRESSED   0x00000004   Data   RW          102    .data               uservariables.o
    0x20000040   COMPRESSED   0x00000004   Data   RW          103    .data               uservariables.o
    0x20000044   COMPRESSED   0x00000004   Data   RW          104    .data               uservariables.o
    0x20000048   COMPRESSED   0x00000004   Data   RW          105    .data               uservariables.o
    0x2000004c   COMPRESSED   0x00000004   Data   RW          106    .data               uservariables.o
    0x20000050   COMPRESSED   0x00000004   Data   RW          107    .data               uservariables.o
    0x20000054   COMPRESSED   0x00000004   Data   RW          108    .data               uservariables.o
    0x20000058   COMPRESSED   0x00000004   Data   RW          109    .data               uservariables.o
    0x2000005c   COMPRESSED   0x00000004   Data   RW          111    .data               uservariables.o
    0x20000060   COMPRESSED   0x00000004   Data   RW          112    .data               uservariables.o
    0x20000064   COMPRESSED   0x00000004   Data   RW          113    .data               uservariables.o
    0x20000068   COMPRESSED   0x00000004   Data   RW          114    .data               uservariables.o
    0x2000006c   COMPRESSED   0x00000004   Data   RW          115    .data               uservariables.o
    0x20000070   COMPRESSED   0x00000004   Data   RW          116    .data               uservariables.o
    0x20000074   COMPRESSED   0x00000004   Data   RW          117    .data               uservariables.o
    0x20000078   COMPRESSED   0x00000004   Data   RW          118    .data               uservariables.o
    0x2000007c   COMPRESSED   0x00000004   Data   RW          119    .data               uservariables.o
    0x20000080   COMPRESSED   0x00000004   Data   RW          120    .data               uservariables.o
    0x20000084   COMPRESSED   0x00000004   Data   RW          121    .data               uservariables.o
    0x20000088   COMPRESSED   0x00000004   Data   RW          122    .data               uservariables.o
    0x2000008c   COMPRESSED   0x00000004   Data   RW          123    .data               uservariables.o
    0x20000090   COMPRESSED   0x00000004   Data   RW          124    .data               uservariables.o
    0x20000094   COMPRESSED   0x00000004   Data   RW          125    .data               uservariables.o
    0x20000098   COMPRESSED   0x00000004   Data   RW          126    .data               uservariables.o
    0x2000009c   COMPRESSED   0x00000004   Data   RW          127    .data               uservariables.o
    0x200000a0   COMPRESSED   0x00000004   Data   RW          128    .data               uservariables.o
    0x200000a4   COMPRESSED   0x00000004   Data   RW          129    .data               uservariables.o
    0x200000a8   COMPRESSED   0x00000004   Data   RW          130    .data               uservariables.o
    0x200000ac   COMPRESSED   0x00000070   Data   RW          146    .data               suzakupid.o
    0x2000011c   COMPRESSED   0x00000002   Data   RW          172    .data               suzakuflightctrl.o
    0x2000011e   COMPRESSED   0x00000002   PAD
    0x20000120   COMPRESSED   0x00000008   Data   RW          201    .data               suzakucal.o
    0x20000128   COMPRESSED   0x00000004   Data   RW          287    .data               interrupts.o
    0x2000012c   COMPRESSED   0x00000004   Data   RW          315    .data               esc_pwm.o
    0x20000130   COMPRESSED   0x00000004   Data   RW          316    .data               esc_pwm.o
    0x20000134   COMPRESSED   0x00000004   Data   RW          317    .data               esc_pwm.o
    0x20000138   COMPRESSED   0x00000004   Data   RW          318    .data               esc_pwm.o
    0x2000013c   COMPRESSED   0x00000050   Data   RW          341    .data               ano_of.o
    0x2000018c   COMPRESSED   0x00000028   Data   RW          421    .data               jy901.o
    0x200001b4   COMPRESSED   0x00000004   Data   RW         2124    .data               mc_w.l(stdout.o)
    0x200001b8   COMPRESSED   0x00000248   PAD
    0x20000400   COMPRESSED   0x0000026c   Data   RW         1391    vtable              driverlib.lib(interrupt.o)
    0x2000066c        -       0x0000000d   Zero   RW           84    .bss                uservariables.o
    0x20000679   COMPRESSED   0x00000003   PAD
    0x2000067c        -       0x00000074   Zero   RW           85    .bss                uservariables.o
    0x200006f0        -       0x00000032   Zero   RW          340    .bss                ano_of.o
    0x20000722        -       0x0000000c   Zero   RW          420    .bss                jy901.o
    0x2000072e   COMPRESSED   0x00000002   PAD
    0x20000730        -       0x00000200   Zero   RW          487    STACK               startup_tm4c123.o


==============================================================================

Image component sizes


      Code (inc. data)   RO Data    RW Data    ZI Data      Debug   Object Name

       720         34          0         80         50       6770   ano_of.o
       388        110          0          0          0        617   eeprom.o
       132          6          0         16          0       5133   esc_pwm.o
      1366        238          0          0          0       5578   initializers.o
      3140       1088        231          4          0       3108   interrupts.o
       392         28          0         40         12       5038   jy901.o
        88         12          0          0          0        935   led.o
       252         10        620          0        512       5472   startup_tm4c123.o
       872        132          0          8          0       1413   suzakucal.o
       236         42          0          2          0       1178   suzakuflightctrl.o
        28          4          0          0          0      10368   suzakumain.o
      1456        222          0        112          0       2738   suzakupid.o
       132         42          0          0          0        629   system_tm4c123.o
         0          0          0        172        129       4599   uservariables.o

    ----------------------------------------------------------------------
      9204       1968        884        436        708      53576   Object Totals
         0          0         32          0          0          0   (incl. Generated)
         2          0          1          2          5          0   (incl. Padding)

    ----------------------------------------------------------------------

      Code (inc. data)   RO Data    RW Data    ZI Data      Debug   Library Member Name

       192         34          0          0          0       5263   eeprom.o
         6          0          0          0          0        535   gpio.o
       152         16        268        620          0       2190   interrupt.o
        66          4          0          0          0       2332   sysctl.o
        24          0          0          0          0        517   systick.o
        98         18        128          0          0       2385   uart.o
        58          0          0          0          0          0   __dczerorl.o
         0          0          0          0          0          0   entry.o
         0          0          0          0          0          0   entry10a.o
         0          0          0          0          0          0   entry11a.o
         8          4          0          0          0          0   entry2.o
         4          0          0          0          0          0   entry5.o
         0          0          0          0          0          0   entry7b.o
         0          0          0          0          0          0   entry8b.o
         8          4          0          0          0          0   entry9a.o
        30          0          0          0          0          0   handlers.o
        36          8          0          0          0         68   init.o
         0          0          0          0          0          0   iusefp.o
        30          0          0          0          0         68   llshl.o
        36          0          0          0          0         68   llsshr.o
        32          0          0          0          0         68   llushr.o
      2258         90          0          0          0        452   printfa.o
         0          0          0          4          0          0   stdout.o
        44          0          0          0          0         80   uidiv.o
        98          0          0          0          0         92   uldiv.o
        48          0          0          0          0         68   cdrcmple.o
        56          0          0          0          0         88   d2f.o
       334          0          0          0          0        148   dadd.o
       222          0          0          0          0        100   ddiv.o
       186          0          0          0          0        176   depilogue.o
        48          0          0          0          0         68   dfixul.o
        34          0          0          0          0         76   dflti.o
       228          0          0          0          0         96   dmul.o
        38          0          0          0          0         68   f2d.o
       110          0          0          0          0        168   fepilogue.o

    ----------------------------------------------------------------------
      4496        178        396       1208          0      15174   Library Totals
        12          0          0        584          0          0   (incl. Padding)

    ----------------------------------------------------------------------

      Code (inc. data)   RO Data    RW Data    ZI Data      Debug   Library Name

       538         72        396        620          0      13222   driverlib.lib
      2642        106          0          4          0        896   mc_w.l
      1304          0          0          0          0       1056   mf_w.l

    ----------------------------------------------------------------------
      4496        178        396       1208          0      15174   Library Totals

    ----------------------------------------------------------------------

==============================================================================


      Code (inc. data)   RO Data    RW Data    ZI Data      Debug   

     13700       2146       1280       1644        708      64898   Grand Totals
     13700       2146       1280         24        708      64898   ELF Image Totals (compressed)
     13700       2146       1280         24          0          0   ROM Totals

==============================================================================

    Total RO  Size (Code + RO Data)                14980 (  14.63kB)
    Total RW  Size (RW Data + ZI Data)              2352 (   2.30kB)
    Total ROM Size (Code + RO Data + RW Data)      15004 (  14.65kB)

==============================================================================

